// Jest Snapshot v1, https://goo.gl/fbAQLP

exports[`DetailPage should match the snapshot 1`] = `ShallowWrapper {}`;
