// Jest Snapshot v1, https://goo.gl/fbAQLP

exports[`ProductCollection should match the snapshot 1`] = `ShallowWrapper {}`;
